[paigejo.wordpress.com/index.html]
[backblue.gif]
[fade.gif]
[index.html]
[paigejo.wordpress.com/xmlrpc0db0.php]
[paigejo.wordpress.com/osd.xml]
[paigejo.wordpress.com/index.html]
[paigejo.wordpress.com/xmlrpc.php]
[paigejo.wordpress.com/wp-content/plugins/ie-sitemode/custom-jumplist.php]
[paigejo.wordpress.com/feed/index.html]
[paigejo.wordpress.com/2015/10/01/publications/index.html]
[paigejo.wordpress.com/2015/10/01/bio/index.html]
[paigejo.wordpress.com/2015/10/01/research-interests/index.html]
[paigejo.wordpress.com/2015/10/01/code/index.html]
[paigejo.wordpress.com/bio/index.html]
[paigejo.wordpress.com/code/index.html]
[paigejo.wordpress.com/contact/index.html]
[paigejo.wordpress.com/publications/index.html]
[paigejo.wordpress.com/research-interests-2/index.html]
[paigejo.wordpress.com/indexdd8f.html]
[paigejo.wordpress.com/comments/feed/index.html]
[paigejo.wordpress.com/indexdd8f.html]
[paigejo.wordpress.com/2015/10/01/bio/index.html]
[paigejo.wordpress.com/2015/10/01/bio/amp/index.html]
[paigejo.wordpress.com/2015/10/01/publications/index.html]
[paigejo.wordpress.com/2015/10/01/research-interests/index.html]
[paigejo.wordpress.com/2015/10/01/code/index.html]
[paigejo.wordpress.com/bio/index.html]
[paigejo.wordpress.com/author/paigejo/index.html]
[paigejo.wordpress.com/code/index.html]
[paigejo.wordpress.com/2015/10/01/publications/amp/index.html]
[paigejo.wordpress.com/contact/index.html]
[paigejo.wordpress.com/2015/10/01/bio/feed/index.html]
[paigejo.wordpress.com/publications/index.html]
[paigejo.wordpress.com/research-interests-2/index.html]
[paigejo.wordpress.com/2015/10/01/bio/amp/index.html]
[paigejo.wordpress.com/2015/10/01/bio/index9a7b.html]
[paigejo.wordpress.com/2015/10/01/research-interests/amp/index.html]
[paigejo.wordpress.com/2015/10/01/publications/feed/index.html]
[paigejo.wordpress.com/2015/10/01/bio/index5a58.html]
[paigejo.wordpress.com/2015/10/01/bio/index386f.html]
[paigejo.wordpress.com/author/paigejo/index.html]
[paigejo.wordpress.com/2015/10/01/publications/amp/index.html]
[paigejo.wordpress.com/2015/10/01/publications/index9a7b.html]
[paigejo.wordpress.com/2015/10/01/code/amp/index.html]
[paigejo.wordpress.com/2015/10/01/publications/index5a58.html]
[paigejo.wordpress.com/2015/10/01/research-interests/feed/index.html]
[paigejo.wordpress.com/2015/10/01/publications/index386f.html]
[paigejo.wordpress.com/2015/10/01/research-interests/amp/index.html]
[paigejo.wordpress.com/2015/10/01/research-interests/index9a7b.html]
[paigejo.wordpress.com/2015/10/01/code/feed/index.html]
[paigejo.wordpress.com/2015/10/01/research-interests/index5a58.html]
[paigejo.wordpress.com/2015/10/01/research-interests/index386f.html]
[paigejo.wordpress.com/2015/10/01/code/amp/index.html]
[paigejo.wordpress.com/bio/feed/index.html]
[paigejo.wordpress.com/2015/10/01/code/index9a7b.html]
[paigejo.wordpress.com/2015/10/01/code/index5a58.html]
[paigejo.wordpress.com/2015/10/01/code/index386f.html]
[paigejo.wordpress.com/bio/index9a7b.html]
[paigejo.wordpress.com/code/feed/index.html]
[paigejo.wordpress.com/bio/index5a58.html]
[paigejo.wordpress.com/bio/index386f.html]
[paigejo.wordpress.com/code/index9a7b.html]
[paigejo.wordpress.com/code/index5a58.html]
[paigejo.wordpress.com/contact/feed/index.html]
[paigejo.wordpress.com/code/index386f.html]
[paigejo.wordpress.com/contact/index9a7b.html]
[paigejo.wordpress.com/contact/index5a58.html]
[paigejo.wordpress.com/publications/feed/index.html]
[paigejo.wordpress.com/contact/index386f.html]
[paigejo.wordpress.com/publications/index9a7b.html]
[paigejo.wordpress.com/publications/index5a58.html]
[paigejo.wordpress.com/publications/index386f.html]
[paigejo.wordpress.com/author/paigejo/feed/index.html]
[paigejo.wordpress.com/category/uncategorized/index.html]
[paigejo.wordpress.com/research-interests-2/feed/index.html]
[paigejo.wordpress.com/research-interests-2/index9a7b.html]
[paigejo.wordpress.com/research-interests-2/index5a58.html]
[paigejo.wordpress.com/research-interests-2/index386f.html]
[paigejo.wordpress.com/category/uncategorized/index.html]
[paigejo.wordpress.com/category/uncategorized/feed/index.html]
